Archive member included to satisfy reference by file (symbol)

/home/expicmt/toolchains/gcc-arm-none-eabi-10.3-2021.10/bin/../lib/gcc/arm-none-eabi/10.3.1/../../../../arm-none-eabi/lib/thumb/v7e-m+fp/hard/librdimon_nano.a(rdimon-syscalls.o)
                              /home/expicmt/toolchains/gcc-arm-none-eabi-10.3-2021.10/bin/../lib/gcc/arm-none-eabi/10.3.1/../../../../arm-none-eabi/lib/thumb/v7e-m+fp/hard/rdimon-crt0.o (initialise_monitor_handles)
/home/expicmt/toolchains/gcc-arm-none-eabi-10.3-2021.10/bin/../lib/gcc/arm-none-eabi/10.3.1/../../../../arm-none-eabi/lib/thumb/v7e-m+fp/hard/libg_nano.a(lib_a-errno.o)
                              /home/expicmt/toolchains/gcc-arm-none-eabi-10.3-2021.10/bin/../lib/gcc/arm-none-eabi/10.3.1/../../../../arm-none-eabi/lib/thumb/v7e-m+fp/hard/librdimon_nano.a(rdimon-syscalls.o) (__errno)
/home/expicmt/toolchains/gcc-arm-none-eabi-10.3-2021.10/bin/../lib/gcc/arm-none-eabi/10.3.1/../../../../arm-none-eabi/lib/thumb/v7e-m+fp/hard/libg_nano.a(lib_a-exit.o)
                              /home/expicmt/toolchains/gcc-arm-none-eabi-10.3-2021.10/bin/../lib/gcc/arm-none-eabi/10.3.1/../../../../arm-none-eabi/lib/thumb/v7e-m+fp/hard/rdimon-crt0.o (exit)
/home/expicmt/toolchains/gcc-arm-none-eabi-10.3-2021.10/bin/../lib/gcc/arm-none-eabi/10.3.1/../../../../arm-none-eabi/lib/thumb/v7e-m+fp/hard/libg_nano.a(lib_a-findfp.o)
                              /home/expicmt/toolchains/gcc-arm-none-eabi-10.3-2021.10/bin/../lib/gcc/arm-none-eabi/10.3.1/../../../../arm-none-eabi/lib/thumb/v7e-m+fp/hard/librdimon_nano.a(rdimon-syscalls.o) (__sinit)
/home/expicmt/toolchains/gcc-arm-none-eabi-10.3-2021.10/bin/../lib/gcc/arm-none-eabi/10.3.1/../../../../arm-none-eabi/lib/thumb/v7e-m+fp/hard/libg_nano.a(lib_a-fwalk.o)
                              /home/expicmt/toolchains/gcc-arm-none-eabi-10.3-2021.10/bin/../lib/gcc/arm-none-eabi/10.3.1/../../../../arm-none-eabi/lib/thumb/v7e-m+fp/hard/libg_nano.a(lib_a-findfp.o) (_fwalk)
/home/expicmt/toolchains/gcc-arm-none-eabi-10.3-2021.10/bin/../lib/gcc/arm-none-eabi/10.3.1/../../../../arm-none-eabi/lib/thumb/v7e-m+fp/hard/libg_nano.a(lib_a-impure.o)
                              /home/expicmt/toolchains/gcc-arm-none-eabi-10.3-2021.10/bin/../lib/gcc/arm-none-eabi/10.3.1/../../../../arm-none-eabi/lib/thumb/v7e-m+fp/hard/libg_nano.a(lib_a-exit.o) (_global_impure_ptr)
/home/expicmt/toolchains/gcc-arm-none-eabi-10.3-2021.10/bin/../lib/gcc/arm-none-eabi/10.3.1/../../../../arm-none-eabi/lib/thumb/v7e-m+fp/hard/libg_nano.a(lib_a-init.o)
                              /home/expicmt/toolchains/gcc-arm-none-eabi-10.3-2021.10/bin/../lib/gcc/arm-none-eabi/10.3.1/../../../../arm-none-eabi/lib/thumb/v7e-m+fp/hard/rdimon-crt0.o (__libc_init_array)
/home/expicmt/toolchains/gcc-arm-none-eabi-10.3-2021.10/bin/../lib/gcc/arm-none-eabi/10.3.1/../../../../arm-none-eabi/lib/thumb/v7e-m+fp/hard/libg_nano.a(lib_a-lock.o)
                              /home/expicmt/toolchains/gcc-arm-none-eabi-10.3-2021.10/bin/../lib/gcc/arm-none-eabi/10.3.1/../../../../arm-none-eabi/lib/thumb/v7e-m+fp/hard/libg_nano.a(lib_a-findfp.o) (__retarget_lock_init_recursive)
/home/expicmt/toolchains/gcc-arm-none-eabi-10.3-2021.10/bin/../lib/gcc/arm-none-eabi/10.3.1/../../../../arm-none-eabi/lib/thumb/v7e-m+fp/hard/libg_nano.a(lib_a-memset.o)
                              /home/expicmt/toolchains/gcc-arm-none-eabi-10.3-2021.10/bin/../lib/gcc/arm-none-eabi/10.3.1/../../../../arm-none-eabi/lib/thumb/v7e-m+fp/hard/rdimon-crt0.o (memset)
/home/expicmt/toolchains/gcc-arm-none-eabi-10.3-2021.10/bin/../lib/gcc/arm-none-eabi/10.3.1/../../../../arm-none-eabi/lib/thumb/v7e-m+fp/hard/libg_nano.a(lib_a-nano-mallocr.o)
                              /home/expicmt/toolchains/gcc-arm-none-eabi-10.3-2021.10/bin/../lib/gcc/arm-none-eabi/10.3.1/../../../../arm-none-eabi/lib/thumb/v7e-m+fp/hard/libg_nano.a(lib_a-findfp.o) (_malloc_r)
/home/expicmt/toolchains/gcc-arm-none-eabi-10.3-2021.10/bin/../lib/gcc/arm-none-eabi/10.3.1/../../../../arm-none-eabi/lib/thumb/v7e-m+fp/hard/libg_nano.a(lib_a-sbrkr.o)
                              /home/expicmt/toolchains/gcc-arm-none-eabi-10.3-2021.10/bin/../lib/gcc/arm-none-eabi/10.3.1/../../../../arm-none-eabi/lib/thumb/v7e-m+fp/hard/libg_nano.a(lib_a-nano-mallocr.o) (_sbrk_r)
/home/expicmt/toolchains/gcc-arm-none-eabi-10.3-2021.10/bin/../lib/gcc/arm-none-eabi/10.3.1/../../../../arm-none-eabi/lib/thumb/v7e-m+fp/hard/libg_nano.a(lib_a-stdio.o)
                              /home/expicmt/toolchains/gcc-arm-none-eabi-10.3-2021.10/bin/../lib/gcc/arm-none-eabi/10.3.1/../../../../arm-none-eabi/lib/thumb/v7e-m+fp/hard/libg_nano.a(lib_a-findfp.o) (__sread)
/home/expicmt/toolchains/gcc-arm-none-eabi-10.3-2021.10/bin/../lib/gcc/arm-none-eabi/10.3.1/../../../../arm-none-eabi/lib/thumb/v7e-m+fp/hard/libg_nano.a(lib_a-strlen.o)
[...]
Memory Configuration

Name             Origin             Length             Attributes
FLASH            0x0000000008000000 0x00000000000fa000 xr
RAM              0x0000000020000000 0x0000000000018000 xrw
*default*        0x0000000000000000 0xffffffffffffffff

Linker script and memory map

LOAD /home/expicmt/toolchains/gcc-arm-none-eabi-10.3-2021.10/bin/../lib/gcc/arm-none-eabi/10.3.1/thumb/v7e-m+fp/hard/crti.o
LOAD /home/expicmt/toolchains/gcc-arm-none-eabi-10.3-2021.10/bin/../lib/gcc/arm-none-eabi/10.3.1/thumb/v7e-m+fp/hard/crtbegin.o
LOAD /home/expicmt/toolchains/gcc-arm-none-eabi-10.3-2021.10/bin/../lib/gcc/arm-none-eabi/10.3.1/../../../../arm-none-eabi/lib/thumb/v7e-m+fp/hard/rdimon-crt0.o
LOAD ./user/at32f403a_407_clock.o
LOAD /tmp/test_semihosting.elf.HACoIO.ltrans0.ltrans.o
LOAD /tmp/cc4NC5pB.debug.temp.o
LOAD /tmp/ccZ2t8PA.debug.temp.o
LOAD /tmp/ccxmPL1B.debug.temp.o
LOAD /tmp/ccoPagoK.debug.temp.o
LOAD /tmp/ccXPXsfz.debug.temp.o
LOAD /tmp/cc8S9eHa.debug.temp.o
LOAD /tmp/cccpx16l.debug.temp.o
LOAD /tmp/ccvQiNXu.debug.temp.o
LOAD /tmp/ccAXxm9w.debug.temp.o
LOAD /tmp/ccyIahQf.debug.temp.o
LOAD /tmp/cc6JIiik.debug.temp.o
LOAD /tmp/ccYj4mu4.debug.temp.o
LOAD /tmp/ccei5M9o.debug.temp.o
LOAD /tmp/ccMbKTsC.debug.temp.o
LOAD /tmp/ccR3EPpf.debug.temp.o
LOAD /tmp/ccXTd8fn.debug.temp.o
LOAD /tmp/cckk7FWD.debug.temp.o
LOAD /tmp/ccAIphcg.debug.temp.o
LOAD /tmp/ccGkLn5Y.debug.temp.o
LOAD /tmp/ccBHB4Kn.debug.temp.o
LOAD /tmp/ccuFAprS.debug.temp.o
LOAD /tmp/cc8LPuuY.debug.temp.o
LOAD /tmp/cczobjT4.debug.temp.o
LOAD /tmp/ccfwDxk9.debug.temp.o
LOAD /tmp/cc1TlyC1.debug.temp.o
LOAD /tmp/ccf5l5QU.debug.temp.o
LOAD /tmp/ccaoFwPG.debug.temp.o
LOAD /tmp/ccYr7Jj5.debug.temp.o
LOAD /tmp/cc2XuwJg.debug.temp.o
LOAD /tmp/ccDgoKwe.debug.temp.o
LOAD ./user/at32f403a_407_int.o
LOAD ./user/main.o
LOAD ./firmware/at32f403a_407_acc.o
LOAD ./firmware/at32f403a_407_adc.o
LOAD ./firmware/at32f403a_407_bpr.o
LOAD ./firmware/at32f403a_407_can.o
LOAD ./firmware/at32f403a_407_crc.o
LOAD ./firmware/at32f403a_407_crm.o
LOAD ./firmware/at32f403a_407_dac.o
LOAD ./firmware/at32f403a_407_debug.o
LOAD ./firmware/at32f403a_407_dma.o
LOAD ./firmware/at32f403a_407_emac.o
LOAD ./firmware/at32f403a_407_exint.o
LOAD ./firmware/at32f403a_407_flash.o
LOAD ./firmware/at32f403a_407_gpio.o
LOAD ./firmware/at32f403a_407_i2c.o
LOAD ./firmware/at32f403a_407_misc.o
LOAD ./firmware/at32f403a_407_pwc.o
LOAD ./firmware/at32f403a_407_rtc.o
LOAD ./firmware/at32f403a_407_sdio.o
LOAD ./firmware/at32f403a_407_spi.o
LOAD ./firmware/at32f403a_407_tmr.o
LOAD ./firmware/at32f403a_407_usart.o
LOAD ./firmware/at32f403a_407_usb.o
LOAD ./firmware/at32f403a_407_wdt.o
LOAD ./firmware/at32f403a_407_wwdt.o
LOAD ./firmware/at32f403a_407_xmc.o
LOAD ./cmsis/startup_at32f403a_407.o
LOAD ./cmsis/system_at32f403a_407.o
LOAD ./bsp/at32f403a_407_board.o
LOAD /home/expicmt/toolchains/gcc-arm-none-eabi-10.3-2021.10/bin/../lib/gcc/arm-none-eabi/10.3.1/../../../../arm-none-eabi/lib/thumb/v7e-m+fp/hard/librdimon_nano.a
LOAD /home/expicmt/toolchains/gcc-arm-none-eabi-10.3-2021.10/bin/../lib/gcc/arm-none-eabi/10.3.1/../../../../arm-none-eabi/lib/thumb/v7e-m+fp/hard/libstdc++_nano.a
LOAD /home/expicmt/toolchains/gcc-arm-none-eabi-10.3-2021.10/bin/../lib/gcc/arm-none-eabi/10.3.1/../../../../arm-none-eabi/lib/thumb/v7e-m+fp/hard/libm.a
START GROUP
LOAD /home/expicmt/toolchains/gcc-arm-none-eabi-10.3-2021.10/bin/../lib/gcc/arm-none-eabi/10.3.1/thumb/v7e-m+fp/hard/libgcc.a
LOAD /home/expicmt/toolchains/gcc-arm-none-eabi-10.3-2021.10/bin/../lib/gcc/arm-none-eabi/10.3.1/../../../../arm-none-eabi/lib/thumb/v7e-m+fp/hard/libg_nano.a
LOAD /home/expicmt/toolchains/gcc-arm-none-eabi-10.3-2021.10/bin/../lib/gcc/arm-none-eabi/10.3.1/../../../../arm-none-eabi/lib/thumb/v7e-m+fp/hard/libc_nano.a
END GROUP
START GROUP
LOAD /home/expicmt/toolchains/gcc-arm-none-eabi-10.3-2021.10/bin/../lib/gcc/arm-none-eabi/10.3.1/thumb/v7e-m+fp/hard/libgcc.a
LOAD /home/expicmt/toolchains/gcc-arm-none-eabi-10.3-2021.10/bin/../lib/gcc/arm-none-eabi/10.3.1/../../../../arm-none-eabi/lib/thumb/v7e-m+fp/hard/libc_nano.a
LOAD /home/expicmt/toolchains/gcc-arm-none-eabi-10.3-2021.10/bin/../lib/gcc/arm-none-eabi/10.3.1/../../../../arm-none-eabi/lib/thumb/v7e-m+fp/hard/librdimon_nano.a
LOAD /home/expicmt/toolchains/gcc-arm-none-eabi-10.3-2021.10/bin/../lib/gcc/arm-none-eabi/10.3.1/../../../../arm-none-eabi/lib/thumb/v7e-m+fp/hard/libnosys.a
END GROUP
START GROUP
LOAD /home/expicmt/toolchains/gcc-arm-none-eabi-10.3-2021.10/bin/../lib/gcc/arm-none-eabi/10.3.1/thumb/v7e-m+fp/hard/libgcc.a
LOAD /home/expicmt/toolchains/gcc-arm-none-eabi-10.3-2021.10/bin/../lib/gcc/arm-none-eabi/10.3.1/../../../../arm-none-eabi/lib/thumb/v7e-m+fp/hard/libc_nano.a
LOAD /home/expicmt/toolchains/gcc-arm-none-eabi-10.3-2021.10/bin/../lib/gcc/arm-none-eabi/10.3.1/../../../../arm-none-eabi/lib/thumb/v7e-m+fp/hard/libnosys.a
END GROUP
START GROUP
LOAD /home/expicmt/toolchains/gcc-arm-none-eabi-10.3-2021.10/bin/../lib/gcc/arm-none-eabi/10.3.1/thumb/v7e-m+fp/hard/libgcc.a
LOAD /home/expicmt/toolchains/gcc-arm-none-eabi-10.3-2021.10/bin/../lib/gcc/arm-none-eabi/10.3.1/../../../../arm-none-eabi/lib/thumb/v7e-m+fp/hard/libc_nano.a
LOAD /home/expicmt/toolchains/gcc-arm-none-eabi-10.3-2021.10/bin/../lib/gcc/arm-none-eabi/10.3.1/../../../../arm-none-eabi/lib/thumb/v7e-m+fp/hard/librdimon_nano.a
END GROUP
LOAD /home/expicmt/toolchains/gcc-arm-none-eabi-10.3-2021.10/bin/../lib/gcc/arm-none-eabi/10.3.1/thumb/v7e-m+fp/hard/crtend.o
LOAD /home/expicmt/toolchains/gcc-arm-none-eabi-10.3-2021.10/bin/../lib/gcc/arm-none-eabi/10.3.1/thumb/v7e-m+fp/hard/crtn.o
                0x0000000020018000                _estack = 0x20018000
                0x0000000000000200                _Min_Heap_Size = 0x200
                0x0000000000000400                _Min_Stack_Size = 0x400

.isr_vector     0x0000000008000000      0x184
                0x0000000008000000                . = ALIGN (0x4)
 *(.isr_vector)
 .isr_vector    0x0000000008000000      0x184 ./cmsis/startup_at32f403a_407.o
                0x0000000008000000                g_pfnVectors
                0x0000000008000184                . = ALIGN (0x4)

.text           0x0000000008000184     0x1744
                0x0000000008000184                . = ALIGN (0x4)
 *(.text)
 .text          0x0000000008000184       0x40 /home/expicmt/toolchains/gcc-arm-none-eabi-10.3-2021.10/bin/../lib/gcc/arm-none-eabi/10.3.1/thumb/v7e-m+fp/hard/crtbegin.o
 .text          0x00000000080001c4       0x10 /home/expicmt/toolchains/gcc-arm-none-eabi-10.3-2021.10/bin/../lib/gcc/arm-none-eabi/10.3.1/../../../../arm-none-eabi/lib/thumb/v7e-m+fp/hard/libg_nano.a(lib_a-strlen.o)
                0x00000000080001c4                strlen
 *(.text*)
 .text.crm_reset
                0x00000000080001d4       0x48 /tmp/test_semihosting.elf.HACoIO.ltrans0.ltrans.o
 .text.crm_flag_get
                0x000000000800021c       0x24 /tmp/test_semihosting.elf.HACoIO.ltrans0.ltrans.o
 .text.crm_hext_stable_wait
                0x0000000008000240       0x26 /tmp/test_semihosting.elf.HACoIO.ltrans0.ltrans.o
 .text.crm_periph_clock_enable
                0x0000000008000266       0x3c /tmp/test_semihosting.elf.HACoIO.ltrans0.ltrans.o
 *fill*         0x00000000080002a2        0x2 
 .text.crm_clock_source_enable
                0x00000000080002a4       0x50 /tmp/test_semihosting.elf.HACoIO.ltrans0.ltrans.o
 .text.crm_ahb_div_set
                0x00000000080002f4       0x10 /tmp/test_semihosting.elf.HACoIO.ltrans0.ltrans.o
 .text.crm_apb1_div_set
                0x0000000008000304       0x10 /tmp/test_semihosting.elf.HACoIO.ltrans0.ltrans.o
 .text.crm_apb2_div_set
                0x0000000008000314       0x10 /tmp/test_semihosting.elf.HACoIO.ltrans0.ltrans.o
 .text.crm_pll_config
                0x0000000008000324       0x5c /tmp/test_semihosting.elf.HACoIO.ltrans0.ltrans.o
 .text.crm_sysclk_switch
                0x0000000008000380       0x10 /tmp/test_semihosting.elf.HACoIO.ltrans0.ltrans.o
 .text.crm_sysclk_switch_status_get
                0x0000000008000390       0x10 /tmp/test_semihosting.elf.HACoIO.ltrans0.ltrans.o
 .text.crm_auto_step_mode_enable
                0x00000000080003a0       0x20 /tmp/test_semihosting.elf.HACoIO.ltrans0.ltrans.o
 .text.crm_hext_clock_div_set
                0x00000000080003c0       0x10 /tmp/test_semihosting.elf.HACoIO.ltrans0.ltrans.o
 .text.exint_flag_clear
                0x00000000080003d0        0xc /tmp/test_semihosting.elf.HACoIO.ltrans0.ltrans.o
 .text.gpio_init
                0x00000000080003dc       0xba /tmp/test_semihosting.elf.HACoIO.ltrans0.ltrans.o
 .text.gpio_default_para_init
                0x0000000008000496       0x16 /tmp/test_semihosting.elf.HACoIO.ltrans0.ltrans.o
 .text.gpio_input_data_bit_read
                0x00000000080004ac       0x10 /tmp/test_semihosting.elf.HACoIO.ltrans0.ltrans.o
 .text.systick_clock_source_config
                0x00000000080004bc       0x20 /tmp/test_semihosting.elf.HACoIO.ltrans0.ltrans.o
 .text.system_core_clock_update
                0x00000000080004dc       0xd8 /tmp/test_semihosting.elf.HACoIO.ltrans0.ltrans.o
 .text.system_clock_config
                0x00000000080005b4       0x6a /tmp/test_semihosting.elf.HACoIO.ltrans0.ltrans.o
 *fill*         0x000000000800061e        0x2 
 .text.at32_button_init
                0x0000000008000620       0x40 /tmp/test_semihosting.elf.HACoIO.ltrans0.ltrans.o
 .text.at32_led_init
                0x0000000008000660       0x4c /tmp/test_semihosting.elf.HACoIO.ltrans0.ltrans.o
 .text.at32_led_off
                0x00000000080006ac       0x20 /tmp/test_semihosting.elf.HACoIO.ltrans0.ltrans.o
 .text.delay_init
                0x00000000080006cc       0x34 /tmp/test_semihosting.elf.HACoIO.ltrans0.ltrans.o
 .text.at32_board_init
                0x0000000008000700       0x30 /tmp/test_semihosting.elf.HACoIO.ltrans0.ltrans.o
 .text.delay_ms
                0x0000000008000730       0x64 /tmp/test_semihosting.elf.HACoIO.ltrans0.ltrans.o
 .text.button_isr
                0x0000000008000794       0x3c /tmp/test_semihosting.elf.HACoIO.ltrans0.ltrans.o
 .text.NMI_Handler
                0x00000000080007d0        0x2 /tmp/test_semihosting.elf.HACoIO.ltrans0.ltrans.o
                0x00000000080007d0                NMI_Handler
 .text.HardFault_Handler
                0x00000000080007d2        0x2 /tmp/test_semihosting.elf.HACoIO.ltrans0.ltrans.o
                0x00000000080007d2                HardFault_Handler
 .text.MemManage_Handler
                0x00000000080007d4        0x2 /tmp/test_semihosting.elf.HACoIO.ltrans0.ltrans.o
                0x00000000080007d4                MemManage_Handler
 .text.BusFault_Handler
                0x00000000080007d6        0x2 /tmp/test_semihosting.elf.HACoIO.ltrans0.ltrans.o
                0x00000000080007d6                BusFault_Handler
 .text.UsageFault_Handler
                0x00000000080007d8        0x2 /tmp/test_semihosting.elf.HACoIO.ltrans0.ltrans.o
                0x00000000080007d8                UsageFault_Handler
 .text.SVC_Handler
                0x00000000080007da        0x2 /tmp/test_semihosting.elf.HACoIO.ltrans0.ltrans.o
                0x00000000080007da                SVC_Handler
 .text.DebugMon_Handler
                0x00000000080007dc        0x2 /tmp/test_semihosting.elf.HACoIO.ltrans0.ltrans.o
                0x00000000080007dc                DebugMon_Handler
 .text.PendSV_Handler
                0x00000000080007de        0x2 /tmp/test_semihosting.elf.HACoIO.ltrans0.ltrans.o
                0x00000000080007de                PendSV_Handler
 .text.SysTick_Handler
                0x00000000080007e0        0x2 /tmp/test_semihosting.elf.HACoIO.ltrans0.ltrans.o
                0x00000000080007e0                SysTick_Handler
 .text.EXINT0_IRQHandler
                0x00000000080007e2        0x8 /tmp/test_semihosting.elf.HACoIO.ltrans0.ltrans.o
                0x00000000080007e2                EXINT0_IRQHandler
 *fill*         0x00000000080007ea        0x2 
 .text.main     0x00000000080007ec       0x24 /tmp/test_semihosting.elf.HACoIO.ltrans0.ltrans.o
                0x00000000080007ec                main
 .text.SystemInit
                0x0000000008000810       0x64 /tmp/test_semihosting.elf.HACoIO.ltrans0.ltrans.o
                0x0000000008000810                SystemInit
 .text.Reset_Handler
                0x0000000008000874       0x48 ./cmsis/startup_at32f403a_407.o
                0x0000000008000874                Reset_Handler
 .text.Default_Handler
                0x00000000080008bc        0x2 ./cmsis/startup_at32f403a_407.o
                0x00000000080008bc                SDIO1_IRQHandler
                0x00000000080008bc                XMC_IRQHandler
                0x00000000080008bc                EXINT2_IRQHandler
                0x00000000080008bc                USBFS_L_CAN1_RX0_IRQHandler
                0x00000000080008bc                UART8_IRQHandler
                0x00000000080008bc                SPI4_IRQHandler
                0x00000000080008bc                I2C2_EVT_IRQHandler
                0x00000000080008bc                TMR1_OVF_TMR10_IRQHandler
                0x00000000080008bc                TMR8_TRG_HALL_TMR14_IRQHandler
                0x00000000080008bc                USBFS_H_CAN1_TX_IRQHandler
                0x00000000080008bc                I2C1_ERR_IRQHandler
                0x00000000080008bc                EXINT9_5_IRQHandler
                0x00000000080008bc                EMAC_IRQHandler
                0x00000000080008bc                CAN2_RX1_IRQHandler
                0x00000000080008bc                TMR5_GLOBAL_IRQHandler
                0x00000000080008bc                SDIO2_IRQHandler
                0x00000000080008bc                ADC1_2_IRQHandler
                0x00000000080008bc                SPI1_IRQHandler
                0x00000000080008bc                TAMPER_IRQHandler
                0x00000000080008bc                CAN2_RX0_IRQHandler
                0x00000000080008bc                DMA2_Channel2_IRQHandler
                0x00000000080008bc                DMA1_Channel4_IRQHandler
                0x00000000080008bc                TMR8_CH_IRQHandler
                0x00000000080008bc                USART6_IRQHandler
                0x00000000080008bc                USART3_IRQHandler
                0x00000000080008bc                RTC_IRQHandler
                0x00000000080008bc                DMA1_Channel7_IRQHandler
                0x00000000080008bc                CAN1_RX1_IRQHandler
                0x00000000080008bc                UART5_IRQHandler
                0x00000000080008bc                ADC3_IRQHandler
                0x00000000080008bc                ACC_IRQHandler
                0x00000000080008bc                EMAC_WKUP_IRQHandler
                0x00000000080008bc                DMA2_Channel1_IRQHandler
                0x00000000080008bc                EXINT3_IRQHandler
                0x00000000080008bc                DMA1_Channel6_IRQHandler
                0x00000000080008bc                UART4_IRQHandler
                0x00000000080008bc                DMA1_Channel1_IRQHandler
                0x00000000080008bc                Default_Handler
                0x00000000080008bc                USBFS_MAPH_IRQHandler
                0x00000000080008bc                TMR3_GLOBAL_IRQHandler
                0x00000000080008bc                TMR7_GLOBAL_IRQHandler
                0x00000000080008bc                CAN1_SE_IRQHandler
                0x00000000080008bc                CAN2_TX_IRQHandler
                0x00000000080008bc                I2C3_ERR_IRQHandler
                0x00000000080008bc                SPI3_I2S3EXT_IRQHandler
                0x00000000080008bc                TMR1_BRK_TMR9_IRQHandler
                0x00000000080008bc                USBFS_MAPL_IRQHandler
                0x00000000080008bc                TMR8_BRK_TMR12_IRQHandler
                0x00000000080008bc                TMR1_TRG_HALL_TMR11_IRQHandler
                0x00000000080008bc                DMA1_Channel5_IRQHandler
                0x00000000080008bc                TMR4_GLOBAL_IRQHandler
                0x00000000080008bc                EXINT4_IRQHandler
                0x00000000080008bc                CAN2_SE_IRQHandler
                0x00000000080008bc                DMA2_Channel6_7_IRQHandler
                0x00000000080008bc                PVM_IRQHandler
                0x00000000080008bc                I2C3_EVT_IRQHandler
                0x00000000080008bc                DMA1_Channel3_IRQHandler
                0x00000000080008bc                I2C1_EVT_IRQHandler
                0x00000000080008bc                TMR8_OVF_TMR13_IRQHandler
                0x00000000080008bc                TMR6_GLOBAL_IRQHandler
                0x00000000080008bc                EXINT1_IRQHandler
                0x00000000080008bc                RTCAlarm_IRQHandler
                0x00000000080008bc                DMA2_Channel4_5_IRQHandler
                0x00000000080008bc                UART7_IRQHandler
                0x00000000080008bc                USART2_IRQHandler
                0x00000000080008bc                DMA1_Channel2_IRQHandler
                0x00000000080008bc                TMR2_GLOBAL_IRQHandler
                0x00000000080008bc                FLASH_IRQHandler
                0x00000000080008bc                SPI2_I2S2EXT_IRQHandler
                0x00000000080008bc                I2C2_ERR_IRQHandler
                0x00000000080008bc                USBFSWakeUp_IRQHandler
                0x00000000080008bc                USART1_IRQHandler
                0x00000000080008bc                TMR1_CH_IRQHandler
                0x00000000080008bc                CRM_IRQHandler
                0x00000000080008bc                EXINT15_10_IRQHandler
                0x00000000080008bc                WWDT_IRQHandler
                0x00000000080008bc                DMA2_Channel3_IRQHandler
 *fill*         0x00000000080008be        0x2 
 .text.findslot
                0x00000000080008c0       0x34 /home/expicmt/toolchains/gcc-arm-none-eabi-10.3-2021.10/bin/../lib/gcc/arm-none-eabi/10.3.1/../../../../arm-none-eabi/lib/thumb/v7e-m+fp/hard/librdimon_nano.a(rdimon-syscalls.o)
 .text.error    0x00000000080008f4       0x1c /home/expicmt/toolchains/gcc-arm-none-eabi-10.3-2021.10/bin/../lib/gcc/arm-none-eabi/10.3.1/../../../../arm-none-eabi/lib/thumb/v7e-m+fp/hard/librdimon_nano.a(rdimon-syscalls.o)
 .text.checkerror
                0x0000000008000910        0xa /home/expicmt/toolchains/gcc-arm-none-eabi-10.3-2021.10/bin/../lib/gcc/arm-none-eabi/10.3.1/../../../../arm-none-eabi/lib/thumb/v7e-m+fp/hard/librdimon_nano.a(rdimon-syscalls.o)
 .text._swiread
                0x000000000800091a       0x20 /home/expicmt/toolchains/gcc-arm-none-eabi-10.3-2021.10/bin/../lib/gcc/arm-none-eabi/10.3.1/../../../../arm-none-eabi/lib/thumb/v7e-m+fp/hard/librdimon_nano.a(rdimon-syscalls.o)
                0x000000000800091a                _swiread
 .text._read    0x000000000800093a       0x38 /home/expicmt/toolchains/gcc-arm-none-eabi-10.3-2021.10/bin/../lib/gcc/arm-none-eabi/10.3.1/../../../../arm-none-eabi/lib/thumb/v7e-m+fp/hard/librdimon_nano.a(rdimon-syscalls.o)
                0x000000000800093a                _read
 .text._swilseek
                0x0000000008000972       0x78 /home/expicmt/toolchains/gcc-arm-none-eabi-10.3-2021.10/bin/../lib/gcc/arm-none-eabi/10.3.1/../../../../arm-none-eabi/lib/thumb/v7e-m+fp/hard/librdimon_nano.a(rdimon-syscalls.o)
                0x0000000008000972                _swilseek
 .text._lseek   0x00000000080009ea        0x4 /home/expicmt/toolchains/gcc-arm-none-eabi-10.3-2021.10/bin/../lib/gcc/arm-none-eabi/10.3.1/../../../../arm-none-eabi/lib/thumb/v7e-m+fp/hard/librdimon_nano.a(rdimon-syscalls.o)
                0x00000000080009ea                _lseek
 .text._swiwrite
                0x00000000080009ee       0x20 /home/expicmt/toolchains/gcc-arm-none-eabi-10.3-2021.10/bin/../lib/gcc/arm-none-eabi/10.3.1/../../../../arm-none-eabi/lib/thumb/v7e-m+fp/hard/librdimon_nano.a(rdimon-syscalls.o)
                0x00000000080009ee                _swiwrite
 .text._write   0x0000000008000a0e       0x48 /home/expicmt/toolchains/gcc-arm-none-eabi-10.3-2021.10/bin/../lib/gcc/arm-none-eabi/10.3.1/../../../../arm-none-eabi/lib/thumb/v7e-m+fp/hard/librdimon_nano.a(rdimon-syscalls.o)
                0x0000000008000a0e                _write
 .text._swiclose
                0x0000000008000a56       0x1a /home/expicmt/toolchains/gcc-arm-none-eabi-10.3-2021.10/bin/../lib/gcc/arm-none-eabi/10.3.1/../../../../arm-none-eabi/lib/thumb/v7e-m+fp/hard/librdimon_nano.a(rdimon-syscalls.o)
                0x0000000008000a56                _swiclose
 .text._close   0x0000000008000a70       0x4c /home/expicmt/toolchains/gcc-arm-none-eabi-10.3-2021.10/bin/../lib/gcc/arm-none-eabi/10.3.1/../../../../arm-none-eabi/lib/thumb/v7e-m+fp/hard/librdimon_nano.a(rdimon-syscalls.o)
                0x0000000008000a70                _close
 .text._sbrk    0x0000000008000abc       0x48 /home/expicmt/toolchains/gcc-arm-none-eabi-10.3-2021.10/bin/../lib/gcc/arm-none-eabi/10.3.1/../../../../arm-none-eabi/lib/thumb/v7e-m+fp/hard/librdimon_nano.a(rdimon-syscalls.o)
                0x0000000008000abc                _sbrk
 .text._swistat
                0x0000000008000b04       0x42 /home/expicmt/toolchains/gcc-arm-none-eabi-10.3-2021.10/bin/../lib/gcc/arm-none-eabi/10.3.1/../../../../arm-none-eabi/lib/thumb/v7e-m+fp/hard/librdimon_nano.a(rdimon-syscalls.o)
                0x0000000008000b04                _swistat
 .text._fstat   0x0000000008000b46       0x1c /home/expicmt/toolchains/gcc-arm-none-eabi-10.3-2021.10/bin/../lib/gcc/arm-none-eabi/10.3.1/../../../../arm-none-eabi/lib/thumb/v7e-m+fp/hard/librdimon_nano.a(rdimon-syscalls.o)
                0x0000000008000b46                _fstat
 .text._stat    0x0000000008000b62       0x3a /home/expicmt/toolchains/gcc-arm-none-eabi-10.3-2021.10/bin/../lib/gcc/arm-none-eabi/10.3.1/../../../../arm-none-eabi/lib/thumb/v7e-m+fp/hard/librdimon_nano.a(rdimon-syscalls.o)
                0x0000000008000b62                _stat
 .text._swiopen
                0x0000000008000b9c       0xb4 /home/expicmt/toolchains/gcc-arm-none-eabi-10.3-2021.10/bin/../lib/gcc/arm-none-eabi/10.3.1/../../../../arm-none-eabi/lib/thumb/v7e-m+fp/hard/librdimon_nano.a(rdimon-syscalls.o)
                0x0000000008000b9c                _swiopen
 .text._get_semihosting_exts
                0x0000000008000c50       0xb8 /home/expicmt/toolchains/gcc-arm-none-eabi-10.3-2021.10/bin/../lib/gcc/arm-none-eabi/10.3.1/../../../../arm-none-eabi/lib/thumb/v7e-m+fp/hard/librdimon_nano.a(rdimon-syscalls.o)
                0x0000000008000c50                _get_semihosting_exts
 .text.initialise_semihosting_exts
                0x0000000008000d08       0x34 /home/expicmt/toolchains/gcc-arm-none-eabi-10.3-2021.10/bin/../lib/gcc/arm-none-eabi/10.3.1/../../../../arm-none-eabi/lib/thumb/v7e-m+fp/hard/librdimon_nano.a(rdimon-syscalls.o)
 .text._has_ext_stdout_stderr
                0x0000000008000d3c       0x18 /home/expicmt/toolchains/gcc-arm-none-eabi-10.3-2021.10/bin/../lib/gcc/arm-none-eabi/10.3.1/../../../../arm-none-eabi/lib/thumb/v7e-m+fp/hard/librdimon_nano.a(rdimon-syscalls.o)
                0x0000000008000d3c                _has_ext_stdout_stderr
 .text.initialise_monitor_handles
                0x0000000008000d54       0xc0 /home/expicmt/toolchains/gcc-arm-none-eabi-10.3-2021.10/bin/../lib/gcc/arm-none-eabi/10.3.1/../../../../arm-none-eabi/lib/thumb/v7e-m+fp/hard/librdimon_nano.a(rdimon-syscalls.o)
                0x0000000008000d54                initialise_monitor_handles
 .text._isatty  0x0000000008000e14       0x38 /home/expicmt/toolchains/gcc-arm-none-eabi-10.3-2021.10/bin/../lib/gcc/arm-none-eabi/10.3.1/../../../../arm-none-eabi/lib/thumb/v7e-m+fp/hard/librdimon_nano.a(rdimon-syscalls.o)
                0x0000000008000e14                _isatty
 .text.__errno  0x0000000008000e4c        0xc /home/expicmt/toolchains/gcc-arm-none-eabi-10.3-2021.10/bin/../lib/gcc/arm-none-eabi/10.3.1/../../../../arm-none-eabi/lib/thumb/v7e-m+fp/hard/libg_nano.a(lib_a-errno.o)
                0x0000000008000e4c                __errno
 .text.std      0x0000000008000e58       0x48 /home/expicmt/toolchains/gcc-arm-none-eabi-10.3-2021.10/bin/../lib/gcc/arm-none-eabi/10.3.1/../../../../arm-none-eabi/lib/thumb/v7e-m+fp/hard/libg_nano.a(lib_a-findfp.o)
 .text._cleanup_r
                0x0000000008000ea0        0xc /home/expicmt/toolchains/gcc-arm-none-eabi-10.3-2021.10/bin/../lib/gcc/arm-none-eabi/10.3.1/../../../../arm-none-eabi/lib/thumb/v7e-m+fp/hard/libg_nano.a(lib_a-findfp.o)
                0x0000000008000ea0                _cleanup_r
 .text.__sfmoreglue
                0x0000000008000eac       0x2c /home/expicmt/toolchains/gcc-arm-none-eabi-10.3-2021.10/bin/../lib/gcc/arm-none-eabi/10.3.1/../../../../arm-none-eabi/lib/thumb/v7e-m+fp/hard/libg_nano.a(lib_a-findfp.o)
                0x0000000008000eac                __sfmoreglue
 .text.__sfp_lock_acquire
                0x0000000008000ed8        0xc /home/expicmt/toolchains/gcc-arm-none-eabi-10.3-2021.10/bin/../lib/gcc/arm-none-eabi/10.3.1/../../../../arm-none-eabi/lib/thumb/v7e-m+fp/hard/libg_nano.a(lib_a-findfp.o)
                0x0000000008000ed8                __sfp_lock_acquire
 .text.__sfp_lock_release
                0x0000000008000ee4        0xc /home/expicmt/toolchains/gcc-arm-none-eabi-10.3-2021.10/bin/../lib/gcc/arm-none-eabi/10.3.1/../../../../arm-none-eabi/lib/thumb/v7e-m+fp/hard/libg_nano.a(lib_a-findfp.o)
                0x0000000008000ee4                __sfp_lock_release
 .text.__sinit_lock_acquire
                0x0000000008000ef0        0xc /home/expicmt/toolchains/gcc-arm-none-eabi-10.3-2021.10/bin/../lib/gcc/arm-none-eabi/10.3.1/../../../../arm-none-eabi/lib/thumb/v7e-m+fp/hard/libg_nano.a(lib_a-findfp.o)
                0x0000000008000ef0                __sinit_lock_acquire
 .text.__sinit_lock_release
                0x0000000008000efc        0xc /home/expicmt/toolchains/gcc-arm-none-eabi-10.3-2021.10/bin/../lib/gcc/arm-none-eabi/10.3.1/../../../../arm-none-eabi/lib/thumb/v7e-m+fp/hard/libg_nano.a(lib_a-findfp.o)
                0x0000000008000efc                __sinit_lock_release
 .text.__sinit  0x0000000008000f08       0x70 /home/expicmt/toolchains/gcc-arm-none-eabi-10.3-2021.10/bin/../lib/gcc/arm-none-eabi/10.3.1/../../../../arm-none-eabi/lib/thumb/v7e-m+fp/hard/libg_nano.a(lib_a-findfp.o)
                0x0000000008000f08                __sinit
 .text.__sfp    0x0000000008000f78       0x8c /home/expicmt/toolchains/gcc-arm-none-eabi-10.3-2021.10/bin/../lib/gcc/arm-none-eabi/10.3.1/../../../../arm-none-eabi/lib/thumb/v7e-m+fp/hard/libg_nano.a(lib_a-findfp.o)
                0x0000000008000f78                __sfp
 .text._fwalk_reent
                0x0000000008001004       0x3e /home/expicmt/toolchains/gcc-arm-none-eabi-10.3-2021.10/bin/../lib/gcc/arm-none-eabi/10.3.1/../../../../arm-none-eabi/lib/thumb/v7e-m+fp/hard/libg_nano.a(lib_a-fwalk.o)
                0x0000000008001004                _fwalk_reent
 *fill*         0x0000000008001042        0x2 
 .text.__libc_init_array
                0x0000000008001044       0x48 /home/expicmt/toolchains/gcc-arm-none-eabi-10.3-2021.10/bin/../lib/gcc/arm-none-eabi/10.3.1/../../../../arm-none-eabi/lib/thumb/v7e-m+fp/hard/libg_nano.a(lib_a-init.o)
                0x0000000008001044                __libc_init_array
 .text.__retarget_lock_init_recursive
                0x000000000800108c        0x2 /home/expicmt/toolchains/gcc-arm-none-eabi-10.3-2021.10/bin/../lib/gcc/arm-none-eabi/10.3.1/../../../../arm-none-eabi/lib/thumb/v7e-m+fp/hard/libg_nano.a(lib_a-lock.o)
                0x000000000800108c                __retarget_lock_init_recursive
 .text.__retarget_lock_acquire_recursive
                0x000000000800108e        0x2 /home/expicmt/toolchains/gcc-arm-none-eabi-10.3-2021.10/bin/../lib/gcc/arm-none-eabi/10.3.1/../../../../arm-none-eabi/lib/thumb/v7e-m+fp/hard/libg_nano.a(lib_a-lock.o)
                0x000000000800108e                __retarget_lock_acquire_recursive
 .text.__retarget_lock_release_recursive
                0x0000000008001090        0x2 /home/expicmt/toolchains/gcc-arm-none-eabi-10.3-2021.10/bin/../lib/gcc/arm-none-eabi/10.3.1/../../../../arm-none-eabi/lib/thumb/v7e-m+fp/hard/libg_nano.a(lib_a-lock.o)
                0x0000000008001090                __retarget_lock_release_recursive
 .text.memset   0x0000000008001092       0x10 /home/expicmt/toolchains/gcc-arm-none-eabi-10.3-2021.10/bin/../lib/gcc/arm-none-eabi/10.3.1/../../../../arm-none-eabi/lib/thumb/v7e-m+fp/hard/libg_nano.a(lib_a-memset.o)
                0x0000000008001092                memset
 *fill*         0x00000000080010a2        0x2 
 .text.sbrk_aligned
                0x00000000080010a4       0x40 /home/expicmt/toolchains/gcc-arm-none-eabi-10.3-2021.10/bin/../lib/gcc/arm-none-eabi/10.3.1/../../../../arm-none-eabi/lib/thumb/v7e-m+fp/hard/libg_nano.a(lib_a-nano-mallocr.o)
 .text._malloc_r
                0x00000000080010e4       0xe8 /home/expicmt/toolchains/gcc-arm-none-eabi-10.3-2021.10/bin/../lib/gcc/arm-none-eabi/10.3.1/../../../../arm-none-eabi/lib/thumb/v7e-m+fp/hard/libg_nano.a(lib_a-nano-mallocr.o)
                0x00000000080010e4                _malloc_r
 .text._sbrk_r  0x00000000080011cc       0x20 /home/expicmt/toolchains/gcc-arm-none-eabi-10.3-2021.10/bin/../lib/gcc/arm-none-eabi/10.3.1/../../../../arm-none-eabi/lib/thumb/v7e-m+fp/hard/libg_nano.a(lib_a-sbrkr.o)
                0x00000000080011cc                _sbrk_r
 .text.__sread  0x00000000080011ec       0x22 /home/expicmt/toolchains/gcc-arm-none-eabi-10.3-2021.10/bin/../lib/gcc/arm-none-eabi/10.3.1/../../../../arm-none-eabi/lib/thumb/v7e-m+fp/hard/libg_nano.a(lib_a-stdio.o)
                0x00000000080011ec                __sread
 .text.__swrite
                0x000000000800120e       0x38 /home/expicmt/toolchains/gcc-arm-none-eabi-10.3-2021.10/bin/../lib/gcc/arm-none-eabi/10.3.1/../../../../arm-none-eabi/lib/thumb/v7e-m+fp/hard/libg_nano.a(lib_a-stdio.o)
                0x000000000800120e                __swrite
 .text.__sseek  0x0000000008001246       0x24 /home/expicmt/toolchains/gcc-arm-none-eabi-10.3-2021.10/bin/../lib/gcc/arm-none-eabi/10.3.1/../../../../arm-none-eabi/lib/thumb/v7e-m+fp/hard/libg_nano.a(lib_a-stdio.o)
                0x0000000008001246                __sseek
 .text.__sclose
                0x000000000800126a        0x8 /home/expicmt/toolchains/gcc-arm-none-eabi-10.3-2021.10/bin/../lib/gcc/arm-none-eabi/10.3.1/../../../../arm-none-eabi/lib/thumb/v7e-m+fp/hard/libg_nano.a(lib_a-stdio.o)
                0x000000000800126a                __sclose
 *fill*         0x0000000008001272        0x2 
 .text._write_r
                0x0000000008001274       0x24 /home/expicmt/toolchains/gcc-arm-none-eabi-10.3-2021.10/bin/../lib/gcc/arm-none-eabi/10.3.1/../../../../arm-none-eabi/lib/thumb/v7e-m+fp/hard/libg_nano.a(lib_a-writer.o)
                0x0000000008001274                _write_r
 .text._close_r
                0x0000000008001298       0x20 /home/expicmt/toolchains/gcc-arm-none-eabi-10.3-2021.10/bin/../lib/gcc/arm-none-eabi/10.3.1/../../../../arm-none-eabi/lib/thumb/v7e-m+fp/hard/libg_nano.a(lib_a-closer.o)
                0x0000000008001298                _close_r
 .text.__sflush_r
                0x00000000080012b8      0x10c /home/expicmt/toolchains/gcc-arm-none-eabi-10.3-2021.10/bin/../lib/gcc/arm-none-eabi/10.3.1/../../../../arm-none-eabi/lib/thumb/v7e-m+fp/hard/libg_nano.a(lib_a-fflush.o)
                0x00000000080012b8                __sflush_r
 .text._fflush_r
                0x00000000080013c4       0x78 /home/expicmt/toolchains/gcc-arm-none-eabi-10.3-2021.10/bin/../lib/gcc/arm-none-eabi/10.3.1/../../../../arm-none-eabi/lib/thumb/v7e-m+fp/hard/libg_nano.a(lib_a-fflush.o)
                0x00000000080013c4                _fflush_r
 .text._lseek_r
                0x000000000800143c       0x24 /home/expicmt/toolchains/gcc-arm-none-eabi-10.3-2021.10/bin/../lib/gcc/arm-none-eabi/10.3.1/../../../../arm-none-eabi/lib/thumb/v7e-m+fp/hard/libg_nano.a(lib_a-lseekr.o)
                0x000000000800143c                _lseek_r
 .text.__malloc_lock
                0x0000000008001460        0xc /home/expicmt/toolchains/gcc-arm-none-eabi-10.3-2021.10/bin/../lib/gcc/arm-none-eabi/10.3.1/../../../../arm-none-eabi/lib/thumb/v7e-m+fp/hard/libg_nano.a(lib_a-mlock.o)
                0x0000000008001460                __malloc_lock
 .text.__malloc_unlock
                0x000000000800146c        0xc /home/expicmt/toolchains/gcc-arm-none-eabi-10.3-2021.10/bin/../lib/gcc/arm-none-eabi/10.3.1/../../../../arm-none-eabi/lib/thumb/v7e-m+fp/hard/libg_nano.a(lib_a-mlock.o)
                0x000000000800146c                __malloc_unlock
 .text._free_r  0x0000000008001478       0x98 /home/expicmt/toolchains/gcc-arm-none-eabi-10.3-2021.10/bin/../lib/gcc/arm-none-eabi/10.3.1/../../../../arm-none-eabi/lib/thumb/v7e-m+fp/hard/libg_nano.a(lib_a-nano-freer.o)
                0x0000000008001478                _free_r
 .text._read_r  0x0000000008001510       0x24 /home/expicmt/toolchains/gcc-arm-none-eabi-10.3-2021.10/bin/../lib/gcc/arm-none-eabi/10.3.1/../../../../arm-none-eabi/lib/thumb/v7e-m+fp/hard/libg_nano.a(lib_a-readr.o)
                0x0000000008001510                _read_r
 .text._puts_r  0x0000000008001534       0xdc /home/expicmt/toolchains/gcc-arm-none-eabi-10.3-2021.10/bin/../lib/gcc/arm-none-eabi/10.3.1/../../../../arm-none-eabi/lib/thumb/v7e-m+fp/hard/libg_nano.a(lib_a-puts.o)
                0x0000000008001534                _puts_r
 .text.puts     0x0000000008001610       0x10 /home/expicmt/toolchains/gcc-arm-none-eabi-10.3-2021.10/bin/../lib/gcc/arm-none-eabi/10.3.1/../../../../arm-none-eabi/lib/thumb/v7e-m+fp/hard/libg_nano.a(lib_a-puts.o)
                0x0000000008001610                puts
 .text.__swbuf_r
                0x0000000008001620       0xa4 /home/expicmt/toolchains/gcc-arm-none-eabi-10.3-2021.10/bin/../lib/gcc/arm-none-eabi/10.3.1/../../../../arm-none-eabi/lib/thumb/v7e-m+fp/hard/libg_nano.a(lib_a-wbuf.o)
                0x0000000008001620                __swbuf_r
 .text.__swsetup_r
                0x00000000080016c4       0xdc /home/expicmt/toolchains/gcc-arm-none-eabi-10.3-2021.10/bin/../lib/gcc/arm-none-eabi/10.3.1/../../../../arm-none-eabi/lib/thumb/v7e-m+fp/hard/libg_nano.a(lib_a-wsetup.o)
                0x00000000080016c4                __swsetup_r
 .text.__swhatbuf_r
                0x00000000080017a0       0x4a /home/expicmt/toolchains/gcc-arm-none-eabi-10.3-2021.10/bin/../lib/gcc/arm-none-eabi/10.3.1/../../../../arm-none-eabi/lib/thumb/v7e-m+fp/hard/libg_nano.a(lib_a-makebuf.o)
                0x00000000080017a0                __swhatbuf_r
 *fill*         0x00000000080017ea        0x2 
 .text.__smakebuf_r
                0x00000000080017ec       0x80 /home/expicmt/toolchains/gcc-arm-none-eabi-10.3-2021.10/bin/../lib/gcc/arm-none-eabi/10.3.1/../../../../arm-none-eabi/lib/thumb/v7e-m+fp/hard/libg_nano.a(lib_a-makebuf.o)
                0x00000000080017ec                __smakebuf_r
 .text._fstat_r
                0x000000000800186c       0x24 /home/expicmt/toolchains/gcc-arm-none-eabi-10.3-2021.10/bin/../lib/gcc/arm-none-eabi/10.3.1/../../../../arm-none-eabi/lib/thumb/v7e-m+fp/hard/libg_nano.a(lib_a-fstatr.o)
                0x000000000800186c                _fstat_r
 .text._isatty_r
                0x0000000008001890       0x20 /home/expicmt/toolchains/gcc-arm-none-eabi-10.3-2021.10/bin/../lib/gcc/arm-none-eabi/10.3.1/../../../../arm-none-eabi/lib/thumb/v7e-m+fp/hard/libg_nano.a(lib_a-isattyr.o)
                0x0000000008001890                _isatty_r
 *(.glue_7)
 .glue_7        0x00000000080018b0        0x0 linker stubs
 *(.glue_7t)
 .glue_7t       0x00000000080018b0        0x0 linker stubs
 *(.eh_frame)
 .eh_frame      0x00000000080018b0        0x0 /home/expicmt/toolchains/gcc-arm-none-eabi-10.3-2021.10/bin/../lib/gcc/arm-none-eabi/10.3.1/thumb/v7e-m+fp/hard/crtbegin.o
 *(.init)
 .init          0x00000000080018b0        0x4 /home/expicmt/toolchains/gcc-arm-none-eabi-10.3-2021.10/bin/../lib/gcc/arm-none-eabi/10.3.1/thumb/v7e-m+fp/hard/crti.o
                0x00000000080018b0                _init
 .init          0x00000000080018b4        0x8 /home/expicmt/toolchains/gcc-arm-none-eabi-10.3-2021.10/bin/../lib/gcc/arm-none-eabi/10.3.1/thumb/v7e-m+fp/hard/crtn.o
 *(.fini)
 .fini          0x00000000080018bc        0x4 /home/expicmt/toolchains/gcc-arm-none-eabi-10.3-2021.10/bin/../lib/gcc/arm-none-eabi/10.3.1/thumb/v7e-m+fp/hard/crti.o
                0x00000000080018bc                _fini
 .fini          0x00000000080018c0        0x8 /home/expicmt/toolchains/gcc-arm-none-eabi-10.3-2021.10/bin/../lib/gcc/arm-none-eabi/10.3.1/thumb/v7e-m+fp/hard/crtn.o
                0x00000000080018c8                . = ALIGN (0x4)
                0x00000000080018c8                _etext = .

.vfp11_veneer   0x00000000080018c8        0x0
 .vfp11_veneer  0x00000000080018c8        0x0 linker stubs

.v4_bx          0x00000000080018c8        0x0
 .v4_bx         0x00000000080018c8        0x0 linker stubs

.iplt           0x00000000080018c8        0x0
 .iplt          0x00000000080018c8        0x0 /home/expicmt/toolchains/gcc-arm-none-eabi-10.3-2021.10/bin/../lib/gcc/arm-none-eabi/10.3.1/thumb/v7e-m+fp/hard/crtbegin.o

.rodata         0x00000000080018c8       0xb8
                0x00000000080018c8                . = ALIGN (0x4)
 *(.rodata)
 .rodata        0x00000000080018c8       0x30 /tmp/test_semihosting.elf.HACoIO.ltrans0.ltrans.o
 *(.rodata*)
 .rodata.str1.4
                0x00000000080018f8        0x8 /tmp/test_semihosting.elf.HACoIO.ltrans0.ltrans.o
 .rodata._get_semihosting_exts.str1.1
                0x0000000008001900       0x16 /home/expicmt/toolchains/gcc-arm-none-eabi-10.3-2021.10/bin/../lib/gcc/arm-none-eabi/10.3.1/../../../../arm-none-eabi/lib/thumb/v7e-m+fp/hard/librdimon_nano.a(rdimon-syscalls.o)
 .rodata.initialise_monitor_handles.str1.1
                0x0000000008001916        0x4 /home/expicmt/toolchains/gcc-arm-none-eabi-10.3-2021.10/bin/../lib/gcc/arm-none-eabi/10.3.1/../../../../arm-none-eabi/lib/thumb/v7e-m+fp/hard/librdimon_nano.a(rdimon-syscalls.o)
 *fill*         0x000000000800191a        0x2 
 .rodata.__sf_fake_stderr
                0x000000000800191c       0x20 /home/expicmt/toolchains/gcc-arm-none-eabi-10.3-2021.10/bin/../lib/gcc/arm-none-eabi/10.3.1/../../../../arm-none-eabi/lib/thumb/v7e-m+fp/hard/libg_nano.a(lib_a-findfp.o)
                0x000000000800191c                __sf_fake_stderr
 .rodata.__sf_fake_stdin
                0x000000000800193c       0x20 /home/expicmt/toolchains/gcc-arm-none-eabi-10.3-2021.10/bin/../lib/gcc/arm-none-eabi/10.3.1/../../../../arm-none-eabi/lib/thumb/v7e-m+fp/hard/libg_nano.a(lib_a-findfp.o)
                0x000000000800193c                __sf_fake_stdin
 .rodata.__sf_fake_stdout
                0x000000000800195c       0x20 /home/expicmt/toolchains/gcc-arm-none-eabi-10.3-2021.10/bin/../lib/gcc/arm-none-eabi/10.3.1/../../../../arm-none-eabi/lib/thumb/v7e-m+fp/hard/libg_nano.a(lib_a-findfp.o)
                0x000000000800195c                __sf_fake_stdout
 .rodata._global_impure_ptr
                0x000000000800197c        0x4 /home/expicmt/toolchains/gcc-arm-none-eabi-10.3-2021.10/bin/../lib/gcc/arm-none-eabi/10.3.1/../../../../arm-none-eabi/lib/thumb/v7e-m+fp/hard/libg_nano.a(lib_a-impure.o)
                0x000000000800197c                _global_impure_ptr
                0x0000000008001980                . = ALIGN (0x4)

.rel.dyn        0x0000000008001980        0x0
 .rel.iplt      0x0000000008001980        0x0 /home/expicmt/toolchains/gcc-arm-none-eabi-10.3-2021.10/bin/../lib/gcc/arm-none-eabi/10.3.1/thumb/v7e-m+fp/hard/crtbegin.o

.ARM.extab
 *(.ARM.extab* .gnu.linkonce.armextab.*)

.ARM            0x0000000008001980        0x0
                0x0000000008001980                __exidx_start = .
 *(.ARM.exidx*)
                0x0000000008001980                __exidx_end = .

.preinit_array  0x0000000008001980        0x0
                0x0000000008001980                PROVIDE (__preinit_array_start = .)
 *(.preinit_array*)
                0x0000000008001980                PROVIDE (__preinit_array_end = .)

.init_array     0x0000000008001980        0x4
                0x0000000008001980                PROVIDE (__init_array_start = .)
 *(SORT_BY_NAME(.init_array.*))
 *(.init_array*)
 .init_array    0x0000000008001980        0x4 /home/expicmt/toolchains/gcc-arm-none-eabi-10.3-2021.10/bin/../lib/gcc/arm-none-eabi/10.3.1/thumb/v7e-m+fp/hard/crtbegin.o
                0x0000000008001984                PROVIDE (__init_array_end = .)

.fini_array     0x0000000008001984        0x4
                [!provide]                        PROVIDE (__fini_array_start = .)
 *(SORT_BY_NAME(.fini_array.*))
 *(.fini_array*)
 .fini_array    0x0000000008001984        0x4 /home/expicmt/toolchains/gcc-arm-none-eabi-10.3-2021.10/bin/../lib/gcc/arm-none-eabi/10.3.1/thumb/v7e-m+fp/hard/crtbegin.o
                [!provide]                        PROVIDE (__fini_array_end = .)
                0x0000000008001988                _sidata = LOADADDR (.data)

.data           0x0000000020000000       0x78 load address 0x0000000008001988
                0x0000000020000000                . = ALIGN (0x4)
                0x0000000020000000                _sdata = .
 *(.data)
 .data          0x0000000020000000        0x5 /tmp/test_semihosting.elf.HACoIO.ltrans0.ltrans.o
 *(.data*)
 *fill*         0x0000000020000005        0x3 
 .data.__heap_limit
                0x0000000020000008        0x4 /home/expicmt/toolchains/gcc-arm-none-eabi-10.3-2021.10/bin/../lib/gcc/arm-none-eabi/10.3.1/../../../../arm-none-eabi/lib/thumb/v7e-m+fp/hard/librdimon_nano.a(rdimon-syscalls.o)
                0x0000000020000008                __heap_limit
 .data.supports_ext_exit_extended
                0x000000002000000c        0x4 /home/expicmt/toolchains/gcc-arm-none-eabi-10.3-2021.10/bin/../lib/gcc/arm-none-eabi/10.3.1/../../../../arm-none-eabi/lib/thumb/v7e-m+fp/hard/librdimon_nano.a(rdimon-syscalls.o)
 .data.supports_ext_stdout_stderr
                0x0000000020000010        0x4 /home/expicmt/toolchains/gcc-arm-none-eabi-10.3-2021.10/bin/../lib/gcc/arm-none-eabi/10.3.1/../../../../arm-none-eabi/lib/thumb/v7e-m+fp/hard/librdimon_nano.a(rdimon-syscalls.o)
 .data._impure_ptr
                0x0000000020000014        0x4 /home/expicmt/toolchains/gcc-arm-none-eabi-10.3-2021.10/bin/../lib/gcc/arm-none-eabi/10.3.1/../../../../arm-none-eabi/lib/thumb/v7e-m+fp/hard/libg_nano.a(lib_a-impure.o)
                0x0000000020000014                _impure_ptr
 .data.impure_data
                0x0000000020000018       0x60 /home/expicmt/toolchains/gcc-arm-none-eabi-10.3-2021.10/bin/../lib/gcc/arm-none-eabi/10.3.1/../../../../arm-none-eabi/lib/thumb/v7e-m+fp/hard/libg_nano.a(lib_a-impure.o)
                0x0000000020000078                . = ALIGN (0x4)
                0x0000000020000078                _edata = .

.igot.plt       0x0000000020000078        0x0 load address 0x0000000008001a00
 .igot.plt      0x0000000020000078        0x0 /home/expicmt/toolchains/gcc-arm-none-eabi-10.3-2021.10/bin/../lib/gcc/arm-none-eabi/10.3.1/thumb/v7e-m+fp/hard/crtbegin.o
                0x0000000020000078                . = ALIGN (0x4)

.bss            0x0000000020000078       0xe4 load address 0x0000000008001a00
                0x0000000020000078                _sbss = .
                0x0000000020000078                __bss_start__ = _sbss
 *(.bss)
 .bss           0x0000000020000078       0x1c /home/expicmt/toolchains/gcc-arm-none-eabi-10.3-2021.10/bin/../lib/gcc/arm-none-eabi/10.3.1/thumb/v7e-m+fp/hard/crtbegin.o
 .bss           0x0000000020000094        0x8 /tmp/test_semihosting.elf.HACoIO.ltrans0.ltrans.o
 *(.bss*)
 .bss.heap_end.0
                0x000000002000009c        0x4 /home/expicmt/toolchains/gcc-arm-none-eabi-10.3-2021.10/bin/../lib/gcc/arm-none-eabi/10.3.1/../../../../arm-none-eabi/lib/thumb/v7e-m+fp/hard/librdimon_nano.a(rdimon-syscalls.o)
 .bss.monitor_stderr
                0x00000000200000a0        0x4 /home/expicmt/toolchains/gcc-arm-none-eabi-10.3-2021.10/bin/../lib/gcc/arm-none-eabi/10.3.1/../../../../arm-none-eabi/lib/thumb/v7e-m+fp/hard/librdimon_nano.a(rdimon-syscalls.o)
 .bss.monitor_stdin
                0x00000000200000a4        0x4 /home/expicmt/toolchains/gcc-arm-none-eabi-10.3-2021.10/bin/../lib/gcc/arm-none-eabi/10.3.1/../../../../arm-none-eabi/lib/thumb/v7e-m+fp/hard/librdimon_nano.a(rdimon-syscalls.o)
 .bss.monitor_stdout
                0x00000000200000a8        0x4 /home/expicmt/toolchains/gcc-arm-none-eabi-10.3-2021.10/bin/../lib/gcc/arm-none-eabi/10.3.1/../../../../arm-none-eabi/lib/thumb/v7e-m+fp/hard/librdimon_nano.a(rdimon-syscalls.o)
 .bss.openfiles
                0x00000000200000ac       0xa0 /home/expicmt/toolchains/gcc-arm-none-eabi-10.3-2021.10/bin/../lib/gcc/arm-none-eabi/10.3.1/../../../../arm-none-eabi/lib/thumb/v7e-m+fp/hard/librdimon_nano.a(rdimon-syscalls.o)
 .bss.__lock___malloc_recursive_mutex
                0x000000002000014c        0x1 /home/expicmt/toolchains/gcc-arm-none-eabi-10.3-2021.10/bin/../lib/gcc/arm-none-eabi/10.3.1/../../../../arm-none-eabi/lib/thumb/v7e-m+fp/hard/libg_nano.a(lib_a-lock.o)
                0x000000002000014c                __lock___malloc_recursive_mutex
 .bss.__lock___sfp_recursive_mutex
                0x000000002000014d        0x1 /home/expicmt/toolchains/gcc-arm-none-eabi-10.3-2021.10/bin/../lib/gcc/arm-none-eabi/10.3.1/../../../../arm-none-eabi/lib/thumb/v7e-m+fp/hard/libg_nano.a(lib_a-lock.o)
                0x000000002000014d                __lock___sfp_recursive_mutex
 .bss.__lock___sinit_recursive_mutex
                0x000000002000014e        0x1 /home/expicmt/toolchains/gcc-arm-none-eabi-10.3-2021.10/bin/../lib/gcc/arm-none-eabi/10.3.1/../../../../arm-none-eabi/lib/thumb/v7e-m+fp/hard/libg_nano.a(lib_a-lock.o)
                0x000000002000014e                __lock___sinit_recursive_mutex
 *fill*         0x000000002000014f        0x1 
 .bss.__malloc_free_list
                0x0000000020000150        0x4 /home/expicmt/toolchains/gcc-arm-none-eabi-10.3-2021.10/bin/../lib/gcc/arm-none-eabi/10.3.1/../../../../arm-none-eabi/lib/thumb/v7e-m+fp/hard/libg_nano.a(lib_a-nano-mallocr.o)
                0x0000000020000150                __malloc_free_list
 .bss.__malloc_sbrk_start
                0x0000000020000154        0x4 /home/expicmt/toolchains/gcc-arm-none-eabi-10.3-2021.10/bin/../lib/gcc/arm-none-eabi/10.3.1/../../../../arm-none-eabi/lib/thumb/v7e-m+fp/hard/libg_nano.a(lib_a-nano-mallocr.o)
                0x0000000020000154                __malloc_sbrk_start
 .bss.errno     0x0000000020000158        0x4 /home/expicmt/toolchains/gcc-arm-none-eabi-10.3-2021.10/bin/../lib/gcc/arm-none-eabi/10.3.1/../../../../arm-none-eabi/lib/thumb/v7e-m+fp/hard/libg_nano.a(lib_a-reent.o)
                0x0000000020000158                errno
 *(COMMON)
                0x000000002000015c                . = ALIGN (0x4)
                0x000000002000015c                _ebss = .
                0x000000002000015c                __bss_end__ = _ebss

._user_heap_stack
                0x000000002000015c      0x604 load address 0x0000000008001a00
                0x0000000020000160                . = ALIGN (0x8)
 *fill*         0x000000002000015c        0x4 
                0x0000000020000160                PROVIDE (end = .)
                [!provide]                        PROVIDE (_end = .)
                0x0000000020000360                . = (. + _Min_Heap_Size)
 *fill*         0x0000000020000160      0x200 
                0x0000000020000760                . = (. + _Min_Stack_Size)
 *fill*         0x0000000020000360      0x400 
                0x0000000020000760                . = ALIGN (0x8)

/DISCARD/
 libc.a(*)
 libm.a(*)
 libgcc.a(*)

.ARM.attributes
                0x0000000000000000       0x30
 *(.ARM.attributes)
 .ARM.attributes
                0x0000000000000000       0x1e /home/expicmt/toolchains/gcc-arm-none-eabi-10.3-2021.10/bin/../lib/gcc/arm-none-eabi/10.3.1/thumb/v7e-m+fp/hard/crti.o
 .ARM.attributes
                0x000000000000001e       0x34 /home/expicmt/toolchains/gcc-arm-none-eabi-10.3-2021.10/bin/../lib/gcc/arm-none-eabi/10.3.1/thumb/v7e-m+fp/hard/crtbegin.o
 .ARM.attributes
                0x0000000000000052       0x32 /tmp/test_semihosting.elf.HACoIO.ltrans0.ltrans.o
 .ARM.attributes
                0x0000000000000084       0x21 ./cmsis/startup_at32f403a_407.o
 .ARM.attributes
                0x00000000000000a5       0x34 /home/expicmt/toolchains/gcc-arm-none-eabi-10.3-2021.10/bin/../lib/gcc/arm-none-eabi/10.3.1/../../../../arm-none-eabi/lib/thumb/v7e-m+fp/hard/librdimon_nano.a(rdimon-syscalls.o)
 .ARM.attributes
                0x00000000000000d9       0x34 /home/expicmt/toolchains/gcc-arm-none-eabi-10.3-2021.10/bin/../lib/gcc/arm-none-eabi/10.3.1/../../../../arm-none-eabi/lib/thumb/v7e-m+fp/hard/libg_nano.a(lib_a-errno.o)
 .ARM.attributes
                0x000000000000010d       0x34 /home/expicmt/toolchains/gcc-arm-none-eabi-10.3-2021.10/bin/../lib/gcc/arm-none-eabi/10.3.1/../../../../arm-none-eabi/lib/thumb/v7e-m+fp/hard/libg_nano.a(lib_a-findfp.o)
 .ARM.attributes
                0x0000000000000141       0x34 /home/expicmt/toolchains/gcc-arm-none-eabi-10.3-2021.10/bin/../lib/gcc/arm-none-eabi/10.3.1/../../../../arm-none-eabi/lib/thumb/v7e-m+fp/hard/libg_nano.a(lib_a-fwalk.o)
 .ARM.attributes
                0x0000000000000175       0x34 /home/expicmt/toolchains/gcc-arm-none-eabi-10.3-2021.10/bin/../lib/gcc/arm-none-eabi/10.3.1/../../../../arm-none-eabi/lib/thumb/v7e-m+fp/hard/libg_nano.a(lib_a-impure.o)
 .ARM.attributes
                0x00000000000001a9       0x34 /home/expicmt/toolchains/gcc-arm-none-eabi-10.3-2021.10/bin/../lib/gcc/arm-none-eabi/10.3.1/../../../../arm-none-eabi/lib/thumb/v7e-m+fp/hard/libg_nano.a(lib_a-init.o)
 .ARM.attributes
                0x00000000000001dd       0x34 /home/expicmt/toolchains/gcc-arm-none-eabi-10.3-2021.10/bin/../lib/gcc/arm-none-eabi/10.3.1/../../../../arm-none-eabi/lib/thumb/v7e-m+fp/hard/libg_nano.a(lib_a-lock.o)
 .ARM.attributes
                0x0000000000000211       0x34 /home/expicmt/toolchains/gcc-arm-none-eabi-10.3-2021.10/bin/../lib/gcc/arm-none-eabi/10.3.1/../../../../arm-none-eabi/lib/thumb/v7e-m+fp/hard/libg_nano.a(lib_a-memset.o)
 .ARM.attributes
                0x0000000000000245       0x34 /home/expicmt/toolchains/gcc-arm-none-eabi-10.3-2021.10/bin/../lib/gcc/arm-none-eabi/10.3.1/../../../../arm-none-eabi/lib/thumb/v7e-m+fp/hard/libg_nano.a(lib_a-nano-mallocr.o)
 .ARM.attributes
                0x0000000000000279       0x34 /home/expicmt/toolchains/gcc-arm-none-eabi-10.3-2021.10/bin/../lib/gcc/arm-none-eabi/10.3.1/../../../../arm-none-eabi/lib/thumb/v7e-m+fp/hard/libg_nano.a(lib_a-sbrkr.o)
 .ARM.attributes
                0x00000000000002ad       0x34 /home/expicmt/toolchains/gcc-arm-none-eabi-10.3-2021.10/bin/../lib/gcc/arm-none-eabi/10.3.1/../../../../arm-none-eabi/lib/thumb/v7e-m+fp/hard/libg_nano.a(lib_a-stdio.o)
 .ARM.attributes
                0x00000000000002e1       0x17 /home/expicmt/toolchains/gcc-arm-none-eabi-10.3-2021.10/bin/../lib/gcc/arm-none-eabi/10.3.1/../../../../arm-none-eabi/lib/thumb/v7e-m+fp/hard/libg_nano.a(lib_a-strlen.o)
 .ARM.attributes
                0x00000000000002f8       0x34 /home/expicmt/toolchains/gcc-arm-none-eabi-10.3-2021.10/bin/../lib/gcc/arm-none-eabi/10.3.1/../../../../arm-none-eabi/lib/thumb/v7e-m+fp/hard/libg_nano.a(lib_a-writer.o)
 .ARM.attributes
                0x000000000000032c       0x34 /home/expicmt/toolchains/gcc-arm-none-eabi-10.3-2021.10/bin/../lib/gcc/arm-none-eabi/10.3.1/../../../../arm-none-eabi/lib/thumb/v7e-m+fp/hard/libg_nano.a(lib_a-closer.o)
 .ARM.attributes
                0x0000000000000360       0x34 /home/expicmt/toolchains/gcc-arm-none-eabi-10.3-2021.10/bin/../lib/gcc/arm-none-eabi/10.3.1/../../../../arm-none-eabi/lib/thumb/v7e-m+fp/hard/libg_nano.a(lib_a-fflush.o)
 .ARM.attributes
                0x0000000000000394       0x34 /home/expicmt/toolchains/gcc-arm-none-eabi-10.3-2021.10/bin/../lib/gcc/arm-none-eabi/10.3.1/../../../../arm-none-eabi/lib/thumb/v7e-m+fp/hard/libg_nano.a(lib_a-lseekr.o)
 .ARM.attributes
                0x00000000000003c8       0x34 /home/expicmt/toolchains/gcc-arm-none-eabi-10.3-2021.10/bin/../lib/gcc/arm-none-eabi/10.3.1/../../../../arm-none-eabi/lib/thumb/v7e-m+fp/hard/libg_nano.a(lib_a-mlock.o)
 .ARM.attributes
                0x00000000000003fc       0x34 /home/expicmt/toolchains/gcc-arm-none-eabi-10.3-2021.10/bin/../lib/gcc/arm-none-eabi/10.3.1/../../../../arm-none-eabi/lib/thumb/v7e-m+fp/hard/libg_nano.a(lib_a-nano-freer.o)
 .ARM.attributes
                0x0000000000000430       0x34 /home/expicmt/toolchains/gcc-arm-none-eabi-10.3-2021.10/bin/../lib/gcc/arm-none-eabi/10.3.1/../../../../arm-none-eabi/lib/thumb/v7e-m+fp/hard/libg_nano.a(lib_a-readr.o)
 .ARM.attributes
                0x0000000000000464       0x34 /home/expicmt/toolchains/gcc-arm-none-eabi-10.3-2021.10/bin/../lib/gcc/arm-none-eabi/10.3.1/../../../../arm-none-eabi/lib/thumb/v7e-m+fp/hard/libg_nano.a(lib_a-reent.o)
 .ARM.attributes
                0x0000000000000498       0x34 /home/expicmt/toolchains/gcc-arm-none-eabi-10.3-2021.10/bin/../lib/gcc/arm-none-eabi/10.3.1/../../../../arm-none-eabi/lib/thumb/v7e-m+fp/hard/libg_nano.a(lib_a-puts.o)
 .ARM.attributes
                0x00000000000004cc       0x34 /home/expicmt/toolchains/gcc-arm-none-eabi-10.3-2021.10/bin/../lib/gcc/arm-none-eabi/10.3.1/../../../../arm-none-eabi/lib/thumb/v7e-m+fp/hard/libg_nano.a(lib_a-wbuf.o)
 .ARM.attributes
                0x0000000000000500       0x34 /home/expicmt/toolchains/gcc-arm-none-eabi-10.3-2021.10/bin/../lib/gcc/arm-none-eabi/10.3.1/../../../../arm-none-eabi/lib/thumb/v7e-m+fp/hard/libg_nano.a(lib_a-wsetup.o)
 .ARM.attributes
                0x0000000000000534       0x34 /home/expicmt/toolchains/gcc-arm-none-eabi-10.3-2021.10/bin/../lib/gcc/arm-none-eabi/10.3.1/../../../../arm-none-eabi/lib/thumb/v7e-m+fp/hard/libg_nano.a(lib_a-makebuf.o)
 .ARM.attributes
                0x0000000000000568       0x34 /home/expicmt/toolchains/gcc-arm-none-eabi-10.3-2021.10/bin/../lib/gcc/arm-none-eabi/10.3.1/../../../../arm-none-eabi/lib/thumb/v7e-m+fp/hard/libg_nano.a(lib_a-fstatr.o)
 .ARM.attributes
                0x000000000000059c       0x34 /home/expicmt/toolchains/gcc-arm-none-eabi-10.3-2021.10/bin/../lib/gcc/arm-none-eabi/10.3.1/../../../../arm-none-eabi/lib/thumb/v7e-m+fp/hard/libg_nano.a(lib_a-isattyr.o)
 .ARM.attributes
                0x00000000000005d0       0x1e /home/expicmt/toolchains/gcc-arm-none-eabi-10.3-2021.10/bin/../lib/gcc/arm-none-eabi/10.3.1/thumb/v7e-m+fp/hard/crtn.o
OUTPUT(test_semihosting.elf elf32-littlearm)
LOAD linker stubs
LOAD /home/expicmt/toolchains/gcc-arm-none-eabi-10.3-2021.10/bin/../lib/gcc/arm-none-eabi/10.3.1/../../../../arm-none-eabi/lib/thumb/v7e-m+fp/hard/libc.a
LOAD /home/expicmt/toolchains/gcc-arm-none-eabi-10.3-2021.10/bin/../lib/gcc/arm-none-eabi/10.3.1/../../../../arm-none-eabi/lib/thumb/v7e-m+fp/hard/libm.a
LOAD /home/expicmt/toolchains/gcc-arm-none-eabi-10.3-2021.10/bin/../lib/gcc/arm-none-eabi/10.3.1/thumb/v7e-m+fp/hard/libgcc.a

.debug_info     0x0000000000000000     0x9bb8
 .debug_info    0x0000000000000000      0x7fc /tmp/test_semihosting.elf.HACoIO.ltrans0.ltrans.o
 .debug_info    0x00000000000007fc      0x3ba /tmp/cc4NC5pB.debug.temp.o
                0x00000000000007fc                at32f403a_407_clock.c.bea03de0
 .debug_info    0x0000000000000bb6       0xac /tmp/ccZ2t8PA.debug.temp.o
                0x0000000000000bb6                at32f403a_407_int.c.37ebb2ad
 .debug_info    0x0000000000000c62     0x130e /tmp/ccxmPL1B.debug.temp.o
                0x0000000000000c62                main.c.7c620cc2
 .debug_info    0x0000000000001f70     0x2247 /tmp/ccAXxm9w.debug.temp.o
                0x0000000000001f70                at32f403a_407_crm.c.4f0be025
 .debug_info    0x00000000000041b7      0x488 /tmp/ccMbKTsC.debug.temp.o
                0x00000000000041b7                at32f403a_407_exint.c.3be8896c
 .debug_info    0x000000000000463f     0x1dec /tmp/ccXTd8fn.debug.temp.o
                0x000000000000463f                at32f403a_407_gpio.c.485e0288
 .debug_info    0x000000000000642b      0x8c3 /tmp/ccAIphcg.debug.temp.o
                0x000000000000642b                at32f403a_407_misc.c.2b301f66
 .debug_info    0x0000000000006cee     0x160a /tmp/cc2XuwJg.debug.temp.o
                0x0000000000006cee                system_at32f403a_407.c.bd2a9b50
 .debug_info    0x00000000000082f8     0x189e /tmp/ccDgoKwe.debug.temp.o
                0x00000000000082f8                at32f403a_407_board.c.be2b907b
 .debug_info    0x0000000000009b96       0x22 ./cmsis/startup_at32f403a_407.o

.debug_abbrev   0x0000000000000000      0xdc2
 .debug_abbrev  0x0000000000000000       0xb3 /tmp/test_semihosting.elf.HACoIO.ltrans0.ltrans.o
 .debug_abbrev  0x00000000000000b3       0x6b /tmp/cc4NC5pB.debug.temp.o
 .debug_abbrev  0x000000000000011e       0x37 /tmp/ccZ2t8PA.debug.temp.o
 .debug_abbrev  0x0000000000000155      0x19e /tmp/ccxmPL1B.debug.temp.o
 .debug_abbrev  0x00000000000002f3      0x1b6 /tmp/ccAXxm9w.debug.temp.o
 .debug_abbrev  0x00000000000004a9      0x158 /tmp/ccMbKTsC.debug.temp.o
 .debug_abbrev  0x0000000000000601      0x1d1 /tmp/ccXTd8fn.debug.temp.o
 .debug_abbrev  0x00000000000007d2      0x1d2 /tmp/ccAIphcg.debug.temp.o
 .debug_abbrev  0x00000000000009a4      0x16d /tmp/cc2XuwJg.debug.temp.o
 .debug_abbrev  0x0000000000000b11      0x29f /tmp/ccDgoKwe.debug.temp.o
 .debug_abbrev  0x0000000000000db0       0x12 ./cmsis/startup_at32f403a_407.o

.debug_loc      0x0000000000000000      0x4d7
 .debug_loc     0x0000000000000000      0x4d7 /tmp/test_semihosting.elf.HACoIO.ltrans0.ltrans.o

.debug_aranges  0x0000000000000000      0x178
 .debug_aranges
                0x0000000000000000      0x150 /tmp/test_semihosting.elf.HACoIO.ltrans0.ltrans.o
 .debug_aranges
                0x0000000000000150       0x28 ./cmsis/startup_at32f403a_407.o

.debug_ranges   0x0000000000000000      0x160
 .debug_ranges  0x0000000000000000      0x140 /tmp/test_semihosting.elf.HACoIO.ltrans0.ltrans.o
 .debug_ranges  0x0000000000000140       0x20 ./cmsis/startup_at32f403a_407.o

.debug_line     0x0000000000000000     0x19e2
 .debug_line    0x0000000000000000      0xb1c /tmp/test_semihosting.elf.HACoIO.ltrans0.ltrans.o
 .debug_line    0x0000000000000b1c      0x181 /tmp/cc4NC5pB.debug.temp.o
 .debug_line    0x0000000000000c9d       0x3d /tmp/ccZ2t8PA.debug.temp.o
 .debug_line    0x0000000000000cda      0x1d2 /tmp/ccxmPL1B.debug.temp.o
 .debug_line    0x0000000000000eac      0x183 /tmp/ccAXxm9w.debug.temp.o
 .debug_line    0x000000000000102f      0x187 /tmp/ccMbKTsC.debug.temp.o
 .debug_line    0x00000000000011b6      0x19c /tmp/ccXTd8fn.debug.temp.o
 .debug_line    0x0000000000001352      0x1ce /tmp/ccAIphcg.debug.temp.o
 .debug_line    0x0000000000001520      0x1ee /tmp/cc2XuwJg.debug.temp.o
 .debug_line    0x000000000000170e      0x258 /tmp/ccDgoKwe.debug.temp.o
 .debug_line    0x0000000000001966       0x7c ./cmsis/startup_at32f403a_407.o

.debug_str      0x0000000000000000     0x426c
 .debug_str     0x0000000000000000      0x12f /tmp/test_semihosting.elf.HACoIO.ltrans0.ltrans.o
                                        0x163 (size before relaxing)
 .debug_str     0x000000000000012f      0x792 /tmp/cc4NC5pB.debug.temp.o
                                        0x804 (size before relaxing)
 .debug_str     0x00000000000008c1       0xac /tmp/ccZ2t8PA.debug.temp.o
                                        0x1f9 (size before relaxing)
 .debug_str     0x000000000000096d     0x1263 /tmp/ccxmPL1B.debug.temp.o
                                       0x13e7 (size before relaxing)
 .debug_str     0x0000000000001bd0     0x1537 /tmp/ccAXxm9w.debug.temp.o
                                       0x2262 (size before relaxing)
 .debug_str     0x0000000000003107      0x174 /tmp/ccMbKTsC.debug.temp.o
                                        0x41e (size before relaxing)
 .debug_str     0x000000000000327b      0x874 /tmp/ccXTd8fn.debug.temp.o
                                       0x13bb (size before relaxing)
 .debug_str     0x0000000000003aef      0x3bf /tmp/ccAIphcg.debug.temp.o
                                        0xaf9 (size before relaxing)
 .debug_str     0x0000000000003eae       0x68 /tmp/cc2XuwJg.debug.temp.o
                                        0xb47 (size before relaxing)
 .debug_str     0x0000000000003f16      0x2f8 /tmp/ccDgoKwe.debug.temp.o
                                       0x10ba (size before relaxing)
 .debug_str     0x000000000000420e       0x5e ./cmsis/startup_at32f403a_407.o

.comment        0x0000000000000000       0x49
 .comment       0x0000000000000000       0x49 /tmp/test_semihosting.elf.HACoIO.ltrans0.ltrans.o
                                         0x4a (size before relaxing)

.debug_frame    0x0000000000000000      0xd70
 .debug_frame   0x0000000000000000      0x2ec /tmp/test_semihosting.elf.HACoIO.ltrans0.ltrans.o
 .debug_frame   0x00000000000002ec      0x3a0 /home/expicmt/toolchains/gcc-arm-none-eabi-10.3-2021.10/bin/../lib/gcc/arm-none-eabi/10.3.1/../../../../arm-none-eabi/lib/thumb/v7e-m+fp/hard/librdimon_nano.a(rdimon-syscalls.o)
 .debug_frame   0x000000000000068c       0x20 /home/expicmt/toolchains/gcc-arm-none-eabi-10.3-2021.10/bin/../lib/gcc/arm-none-eabi/10.3.1/../../../../arm-none-eabi/lib/thumb/v7e-m+fp/hard/libg_nano.a(lib_a-errno.o)
 .debug_frame   0x00000000000006ac      0x14c /home/expicmt/toolchains/gcc-arm-none-eabi-10.3-2021.10/bin/../lib/gcc/arm-none-eabi/10.3.1/../../../../arm-none-eabi/lib/thumb/v7e-m+fp/hard/libg_nano.a(lib_a-findfp.o)
 .debug_frame   0x00000000000007f8       0x54 /home/expicmt/toolchains/gcc-arm-none-eabi-10.3-2021.10/bin/../lib/gcc/arm-none-eabi/10.3.1/../../../../arm-none-eabi/lib/thumb/v7e-m+fp/hard/libg_nano.a(lib_a-fwalk.o)
 .debug_frame   0x000000000000084c       0x2c /home/expicmt/toolchains/gcc-arm-none-eabi-10.3-2021.10/bin/../lib/gcc/arm-none-eabi/10.3.1/../../../../arm-none-eabi/lib/thumb/v7e-m+fp/hard/libg_nano.a(lib_a-init.o)
 .debug_frame   0x0000000000000878       0xb0 /home/expicmt/toolchains/gcc-arm-none-eabi-10.3-2021.10/bin/../lib/gcc/arm-none-eabi/10.3.1/../../../../arm-none-eabi/lib/thumb/v7e-m+fp/hard/libg_nano.a(lib_a-lock.o)
 .debug_frame   0x0000000000000928       0x20 /home/expicmt/toolchains/gcc-arm-none-eabi-10.3-2021.10/bin/../lib/gcc/arm-none-eabi/10.3.1/../../../../arm-none-eabi/lib/thumb/v7e-m+fp/hard/libg_nano.a(lib_a-memset.o)
 .debug_frame   0x0000000000000948       0x4c /home/expicmt/toolchains/gcc-arm-none-eabi-10.3-2021.10/bin/../lib/gcc/arm-none-eabi/10.3.1/../../../../arm-none-eabi/lib/thumb/v7e-m+fp/hard/libg_nano.a(lib_a-nano-mallocr.o)
 .debug_frame   0x0000000000000994       0x2c /home/expicmt/toolchains/gcc-arm-none-eabi-10.3-2021.10/bin/../lib/gcc/arm-none-eabi/10.3.1/../../../../arm-none-eabi/lib/thumb/v7e-m+fp/hard/libg_nano.a(lib_a-sbrkr.o)
 .debug_frame   0x00000000000009c0       0x88 /home/expicmt/toolchains/gcc-arm-none-eabi-10.3-2021.10/bin/../lib/gcc/arm-none-eabi/10.3.1/../../../../arm-none-eabi/lib/thumb/v7e-m+fp/hard/libg_nano.a(lib_a-stdio.o)
 .debug_frame   0x0000000000000a48       0x2c /home/expicmt/toolchains/gcc-arm-none-eabi-10.3-2021.10/bin/../lib/gcc/arm-none-eabi/10.3.1/../../../../arm-none-eabi/lib/thumb/v7e-m+fp/hard/libg_nano.a(lib_a-writer.o)
 .debug_frame   0x0000000000000a74       0x2c /home/expicmt/toolchains/gcc-arm-none-eabi-10.3-2021.10/bin/../lib/gcc/arm-none-eabi/10.3.1/../../../../arm-none-eabi/lib/thumb/v7e-m+fp/hard/libg_nano.a(lib_a-closer.o)
 .debug_frame   0x0000000000000aa0       0x5c /home/expicmt/toolchains/gcc-arm-none-eabi-10.3-2021.10/bin/../lib/gcc/arm-none-eabi/10.3.1/../../../../arm-none-eabi/lib/thumb/v7e-m+fp/hard/libg_nano.a(lib_a-fflush.o)
 .debug_frame   0x0000000000000afc       0x2c /home/expicmt/toolchains/gcc-arm-none-eabi-10.3-2021.10/bin/../lib/gcc/arm-none-eabi/10.3.1/../../../../arm-none-eabi/lib/thumb/v7e-m+fp/hard/libg_nano.a(lib_a-lseekr.o)
 .debug_frame   0x0000000000000b28       0x30 /home/expicmt/toolchains/gcc-arm-none-eabi-10.3-2021.10/bin/../lib/gcc/arm-none-eabi/10.3.1/../../../../arm-none-eabi/lib/thumb/v7e-m+fp/hard/libg_nano.a(lib_a-mlock.o)
 .debug_frame   0x0000000000000b58       0x38 /home/expicmt/toolchains/gcc-arm-none-eabi-10.3-2021.10/bin/../lib/gcc/arm-none-eabi/10.3.1/../../../../arm-none-eabi/lib/thumb/v7e-m+fp/hard/libg_nano.a(lib_a-nano-freer.o)
 .debug_frame   0x0000000000000b90       0x2c /home/expicmt/toolchains/gcc-arm-none-eabi-10.3-2021.10/bin/../lib/gcc/arm-none-eabi/10.3.1/../../../../arm-none-eabi/lib/thumb/v7e-m+fp/hard/libg_nano.a(lib_a-readr.o)
 .debug_frame   0x0000000000000bbc       0x5c /home/expicmt/toolchains/gcc-arm-none-eabi-10.3-2021.10/bin/../lib/gcc/arm-none-eabi/10.3.1/../../../../arm-none-eabi/lib/thumb/v7e-m+fp/hard/libg_nano.a(lib_a-reent.o)
 .debug_frame   0x0000000000000c18       0x3c /home/expicmt/toolchains/gcc-arm-none-eabi-10.3-2021.10/bin/../lib/gcc/arm-none-eabi/10.3.1/../../../../arm-none-eabi/lib/thumb/v7e-m+fp/hard/libg_nano.a(lib_a-puts.o)
 .debug_frame   0x0000000000000c54       0x40 /home/expicmt/toolchains/gcc-arm-none-eabi-10.3-2021.10/bin/../lib/gcc/arm-none-eabi/10.3.1/../../../../arm-none-eabi/lib/thumb/v7e-m+fp/hard/libg_nano.a(lib_a-wbuf.o)
 .debug_frame   0x0000000000000c94       0x2c /home/expicmt/toolchains/gcc-arm-none-eabi-10.3-2021.10/bin/../lib/gcc/arm-none-eabi/10.3.1/../../../../arm-none-eabi/lib/thumb/v7e-m+fp/hard/libg_nano.a(lib_a-wsetup.o)
 .debug_frame   0x0000000000000cc0       0x58 /home/expicmt/toolchains/gcc-arm-none-eabi-10.3-2021.10/bin/../lib/gcc/arm-none-eabi/10.3.1/../../../../arm-none-eabi/lib/thumb/v7e-m+fp/hard/libg_nano.a(lib_a-makebuf.o)
 .debug_frame   0x0000000000000d18       0x2c /home/expicmt/toolchains/gcc-arm-none-eabi-10.3-2021.10/bin/../lib/gcc/arm-none-eabi/10.3.1/../../../../arm-none-eabi/lib/thumb/v7e-m+fp/hard/libg_nano.a(lib_a-fstatr.o)
 .debug_frame   0x0000000000000d44       0x2c /home/expicmt/toolchains/gcc-arm-none-eabi-10.3-2021.10/bin/../lib/gcc/arm-none-eabi/10.3.1/../../../../arm-none-eabi/lib/thumb/v7e-m+fp/hard/libg_nano.a(lib_a-isattyr.o)
